// Jest Snapshot v1, https://goo.gl/fbAQLP

exports[`NewBook should render component 1`] = `
<div>
  <h1>
    Add new book
  </h1>
  <form
    action=""
    class="book-form"
  >
    <div
      class="book-form__group"
    >
      <label
        for="bookTitle"
      >
        Title*
      </label>
      <input
        class="
                            book-form__input
                            "
        id="bookTitle"
        name="bookTitle"
        required=""
        type="text"
      />
    </div>
    <div
      class="book-form__group"
    >
      <label
        for="bookAuthor"
      >
        Author*
      </label>
      <input
        class="
                            book-form__input
                            "
        id="bookAuthor"
        name="bookAuthor"
        required=""
        type="text"
      />
    </div>
    <div
      class="book-form__group"
    >
      <label
        for="bookDescription"
      >
        Description
      </label>
      <textarea
        id="bookDescription"
        name="bookDescription"
        rows="3"
      />
    </div>
    <div
      class="book-form__actions"
    >
      <button
        id="add-book-submit"
        type="submit"
      >
        Submit
      </button>
      <button
        type="button"
      >
        Cancel
      </button>
    </div>
  </form>
  <div />
</div>
`;
